﻿[dotenv@17.3.1] injecting env (0) from .env -- tip: ΓÜÖ∩╕Å  load multiple .env files with { path: ['.env.local', '.env'] }
--- Testing Gemini v1beta Integration ---

1. Testing Text-to-Flashcard Generation...
node : 
At line:1 char:1
+ node server/test_v1beta.js > 
server/test_output.log 2>&1
+ ~~~~~~~~~~~~~~~~~~~~~~~~~~~~~~
~~~~~~~~~~~~~~~~~~~~~~~~~~
    + CategoryInfo          : N 
   otSpecified: (:String) [],   
  RemoteException
    + FullyQualifiedErrorId : N 
   ativeCommandError
 
--- TEST FAILED ---
Error: GEMINI_API_KEY is not 
configured in the server .env 
file.
    at getAIClient (C:\Users\hal
ey\Documents\MISBA\my-study-app\
server\services\aiGenerator.js:9
:13)
    at 
generateFlashcardsFromText (C:\U
sers\haley\Documents\MISBA\my-st
udy-app\server\services\aiGenera
tor.js:64:18)
    at testV1Beta (C:\Users\hale
y\Documents\MISBA\my-study-app\s
erver\test_v1beta.js:10:30)
    at Object.<anonymous> (C:\Us
ers\haley\Documents\MISBA\my-stu
dy-app\server\test_v1beta.js:27:
1)
    at Module._compile (node:int
ernal/modules/cjs/loader:1811:14
)
    at Object..js (node:internal
/modules/cjs/loader:1942:10)
    at Module.load (node:interna
l/modules/cjs/loader:1532:32)
    at Module._load (node:intern
al/modules/cjs/loader:1334:12)
    at wrapModuleLoad (node:inte
rnal/modules/cjs/loader:255:19)
    at 
Module.executeUserEntryPoint 
[as runMain] (node:internal/modu
les/run_main:154:5)
